┌─────────────────────────────────────────────────────────────────────────────────────────────────────┐
│§                                     Symmetry-Group Detection                                      §│
└─────────────────────────────────────────────────────────────────────────────────────────────────────┘

Fixed thresholds:
  MoI threshold: 1.000e-6
  Geo threshold: 1.000e-6
Consider time reversal: yes
Report symmetry elements/generators: yes
Save symmetry-group detection results to file: no

Molecule for symmetry-group detection:
Molecule consisting of
       Atom   H +1.0000000 +0.0000000 +0.0000000
       Atom   H -0.5000000 +0.8660254 +0.0000000
       Atom   H -0.5000000 -0.8660254 +0.0000000

Threshold-scanning symmetry-group detection
═══════════════════════════════════════════

┈┈┈┈┈┈┈┈┈┈┈┈┈┈┈┈┈┈┈┈┈┈┈┈┈┈┈┈┈┈┈┈┈┈┈┈┈┈┈┈┈┈┈┈┈┈┈┈┈┈┈┈┈┈┈┈┈┈┈┈┈┈┈┈┈┈┈┈┈┈┈┈┈┈┈┈┈
 #   MoI thresh   Geo thresh     Mag. group  Elements   Uni. group  Elements
┈┈┈┈┈┈┈┈┈┈┈┈┈┈┈┈┈┈┈┈┈┈┈┈┈┈┈┈┈┈┈┈┈┈┈┈┈┈┈┈┈┈┈┈┈┈┈┈┈┈┈┈┈┈┈┈┈┈┈┈┈┈┈┈┈┈┈┈┈┈┈┈┈┈┈┈┈
 1     1.000e-6     1.000e-6    D3h + θ·D3h        20          D3h        10
┈┈┈┈┈┈┈┈┈┈┈┈┈┈┈┈┈┈┈┈┈┈┈┈┈┈┈┈┈┈┈┈┈┈┈┈┈┈┈┈┈┈┈┈┈┈┈┈┈┈┈┈┈┈┈┈┈┈┈┈┈┈┈┈┈┈┈┈┈┈┈┈┈┈┈┈┈
(The number of symmetry elements is not the same as the order of the group.)

Highest mag. group found: D3h + θ·D3h (20 symmetry elements)
Highest uni. group found: D3h (10 symmetry elements)
  Associated MoI threshold: 1.000e-6
  Associated geo threshold: 1.000e-6

Symmetry element report for magnetic group D3h + θ·D3h
══════════════════════════════════════════════════════

> Proper elements
┈┈┈┈┈┈┈┈┈┈┈┈┈┈┈┈┈┈┈┈┈┈┈┈┈┈┈┈┈┈┈┈┈┈┈┈┈┈┈┈┈┈┈┈┈┈┈┈┈┈┈┈┈┈
         Symbol           x            y            z
┈┈┈┈┈┈┈┈┈┈┈┈┈┈┈┈┈┈┈┈┈┈┈┈┈┈┈┈┈┈┈┈┈┈┈┈┈┈┈┈┈┈┈┈┈┈┈┈┈┈┈┈┈┈
 Order: 1
      E      C1  +0.0000000   +0.0000000   +1.0000000
 Order: 2
     C2      C2  +1.0000000   +0.0000000   +0.0000000
     C2      C2  +0.5000000   +0.8660254   +0.0000000
     C2      C2  +0.5000000   -0.8660254   +0.0000000
 Order: 3
     C3      C3  +0.0000000   +0.0000000   +1.0000000
┈┈┈┈┈┈┈┈┈┈┈┈┈┈┈┈┈┈┈┈┈┈┈┈┈┈┈┈┈┈┈┈┈┈┈┈┈┈┈┈┈┈┈┈┈┈┈┈┈┈┈┈┈┈

> Improper (mirror-plane convention) elements
┈┈┈┈┈┈┈┈┈┈┈┈┈┈┈┈┈┈┈┈┈┈┈┈┈┈┈┈┈┈┈┈┈┈┈┈┈┈┈┈┈┈┈┈┈┈┈┈┈┈┈┈┈┈
         Symbol           x            y            z
┈┈┈┈┈┈┈┈┈┈┈┈┈┈┈┈┈┈┈┈┈┈┈┈┈┈┈┈┈┈┈┈┈┈┈┈┈┈┈┈┈┈┈┈┈┈┈┈┈┈┈┈┈┈
 Order: 1 (mirror-plane)
     σh      S1  +0.0000000   +0.0000000   +1.0000000
     σv      S1  -0.0000000   +1.0000000   -0.0000000
     σv      S1  +0.8660254   -0.5000000   +0.0000000
     σv      S1  +0.8660254   +0.5000000   -0.0000000
 Order: 3 (mirror-plane)
     S3      S3  +0.0000000   +0.0000000   +1.0000000
┈┈┈┈┈┈┈┈┈┈┈┈┈┈┈┈┈┈┈┈┈┈┈┈┈┈┈┈┈┈┈┈┈┈┈┈┈┈┈┈┈┈┈┈┈┈┈┈┈┈┈┈┈┈

> Time-reversed proper elements
┈┈┈┈┈┈┈┈┈┈┈┈┈┈┈┈┈┈┈┈┈┈┈┈┈┈┈┈┈┈┈┈┈┈┈┈┈┈┈┈┈┈┈┈┈┈┈┈┈┈┈┈┈┈
         Symbol           x            y            z
┈┈┈┈┈┈┈┈┈┈┈┈┈┈┈┈┈┈┈┈┈┈┈┈┈┈┈┈┈┈┈┈┈┈┈┈┈┈┈┈┈┈┈┈┈┈┈┈┈┈┈┈┈┈
 Order: 1 (time-reversed)
      θ    θ·C1  +0.0000000   +0.0000000   +1.0000000
 Order: 2 (time-reversed)
   θ·C2    θ·C2  +1.0000000   +0.0000000   +0.0000000
   θ·C2    θ·C2  +0.5000000   +0.8660254   +0.0000000
   θ·C2    θ·C2  +0.5000000   -0.8660254   +0.0000000
 Order: 3 (time-reversed)
   θ·C3    θ·C3  +0.0000000   +0.0000000   +1.0000000
┈┈┈┈┈┈┈┈┈┈┈┈┈┈┈┈┈┈┈┈┈┈┈┈┈┈┈┈┈┈┈┈┈┈┈┈┈┈┈┈┈┈┈┈┈┈┈┈┈┈┈┈┈┈

> Time-reversed improper (mirror-plane convention) elements
┈┈┈┈┈┈┈┈┈┈┈┈┈┈┈┈┈┈┈┈┈┈┈┈┈┈┈┈┈┈┈┈┈┈┈┈┈┈┈┈┈┈┈┈┈┈┈┈┈┈┈┈┈┈
         Symbol           x            y            z
┈┈┈┈┈┈┈┈┈┈┈┈┈┈┈┈┈┈┈┈┈┈┈┈┈┈┈┈┈┈┈┈┈┈┈┈┈┈┈┈┈┈┈┈┈┈┈┈┈┈┈┈┈┈
 Order: 1 (time-reversed) (mirror-plane)
   θ·σh    θ·S1  +0.0000000   +0.0000000   +1.0000000
   θ·σv    θ·S1  -0.0000000   +1.0000000   -0.0000000
   θ·σv    θ·S1  +0.8660254   -0.5000000   +0.0000000
   θ·σv    θ·S1  +0.8660254   +0.5000000   -0.0000000
 Order: 3 (time-reversed) (mirror-plane)
   θ·S3    θ·S3  +0.0000000   +0.0000000   +1.0000000
┈┈┈┈┈┈┈┈┈┈┈┈┈┈┈┈┈┈┈┈┈┈┈┈┈┈┈┈┈┈┈┈┈┈┈┈┈┈┈┈┈┈┈┈┈┈┈┈┈┈┈┈┈┈


Symmetry element report for unitary group D3h
═════════════════════════════════════════════

> Proper elements
┈┈┈┈┈┈┈┈┈┈┈┈┈┈┈┈┈┈┈┈┈┈┈┈┈┈┈┈┈┈┈┈┈┈┈┈┈┈┈┈┈┈┈┈┈┈┈┈┈┈┈┈┈┈
         Symbol           x            y            z
┈┈┈┈┈┈┈┈┈┈┈┈┈┈┈┈┈┈┈┈┈┈┈┈┈┈┈┈┈┈┈┈┈┈┈┈┈┈┈┈┈┈┈┈┈┈┈┈┈┈┈┈┈┈
 Order: 1
      E      C1  +0.0000000   +0.0000000   +1.0000000
 Order: 2
     C2      C2  +1.0000000   +0.0000000   +0.0000000
     C2      C2  +0.5000000   +0.8660254   +0.0000000
     C2      C2  +0.5000000   -0.8660254   +0.0000000
 Order: 3
     C3      C3  +0.0000000   +0.0000000   +1.0000000
┈┈┈┈┈┈┈┈┈┈┈┈┈┈┈┈┈┈┈┈┈┈┈┈┈┈┈┈┈┈┈┈┈┈┈┈┈┈┈┈┈┈┈┈┈┈┈┈┈┈┈┈┈┈

> Improper (mirror-plane convention) elements
┈┈┈┈┈┈┈┈┈┈┈┈┈┈┈┈┈┈┈┈┈┈┈┈┈┈┈┈┈┈┈┈┈┈┈┈┈┈┈┈┈┈┈┈┈┈┈┈┈┈┈┈┈┈
         Symbol           x            y            z
┈┈┈┈┈┈┈┈┈┈┈┈┈┈┈┈┈┈┈┈┈┈┈┈┈┈┈┈┈┈┈┈┈┈┈┈┈┈┈┈┈┈┈┈┈┈┈┈┈┈┈┈┈┈
 Order: 1 (mirror-plane)
     σh      S1  +0.0000000   +0.0000000   +1.0000000
     σv      S1  -0.0000000   +1.0000000   -0.0000000
     σv      S1  +0.8660254   -0.5000000   +0.0000000
     σv      S1  +0.8660254   +0.5000000   -0.0000000
 Order: 3 (mirror-plane)
     S3      S3  +0.0000000   +0.0000000   +1.0000000
┈┈┈┈┈┈┈┈┈┈┈┈┈┈┈┈┈┈┈┈┈┈┈┈┈┈┈┈┈┈┈┈┈┈┈┈┈┈┈┈┈┈┈┈┈┈┈┈┈┈┈┈┈┈

┌─────────────────────────────────────────────────────────────────────────────────────────────────────┐
│§                        Multi-determinantal Wavefunction Symmetry Analysis                         §│
└─────────────────────────────────────────────────────────────────────────────────────────────────────┘

Integrality threshold: 1.000e-6
Linear independence threshold: 1.000e-6
Orbit eigenvalue comparison mode: Modulus
Write overlap eigenvalues: yes

Use magnetic group for analysis: no
Use double group for analysis: no
Use Cayley table for orbit overlap matrices: no
Symmetry transformation kind: Spin-spatial coupled transformation

Write character table: yes, symbolic

Unitary-represented group for representation analysis: D3h

Character table of irreducible representations
══════════════════════════════════════════════

━━━━━━━━━━━━━━━━━━━━━━━━━━━━━━━━━━━━━━━━━━━━━━━━━━━━━━━━━━━━━━━━━━
  u D3h (12)   ┆ FS ║ |E| │ ◈2|C3| │ 3|C2| │ 2|S3| │ |σh| │ 3|σv| 
┈┈┈┈┈┈┈┈┈┈┈┈┈┈┈┈┈┈┈┈┈┈┈┈┈┈┈┈┈┈┈┈┈┈┈┈┈┈┈┈┈┈┈┈┈┈┈┈┈┈┈┈┈┈┈┈┈┈┈┈┈┈┈┈┈┈
 |A|^(')_(1)   ┆  r ║  +1 │     +1 │    +1 │    +1 │   +1 │    +1
 |A|^(')_(2)   ┆  r ║  +1 │     +1 │    -1 │    +1 │   +1 │    -1
 |E|^(')       ┆  r ║  +2 │     -1 │     0 │    -1 │   +2 │     0
 |A|^('')_(1)  ┆  r ║  +1 │     +1 │    +1 │    -1 │   -1 │    -1
 |A|^('')_(2)  ┆  r ║  +1 │     +1 │    -1 │    -1 │   -1 │    +1
 |E|^('')      ┆  r ║  +2 │     -1 │     0 │    +1 │   -2 │     0
━━━━━━━━━━━━━━━━━━━━━━━━━━━━━━━━━━━━━━━━━━━━━━━━━━━━━━━━━━━━━━━━━━
Any `En` in a character value denotes the first primitive n-th root of unity:
  En = exp(2πi/n)

The symbol `◈` indicates the principal class of the group.

Note 1: `FS` contains the classification of the irreps using the Frobenius--Schur indicator:
  `r` = real: the irrep and its complex-conjugate partner are real and identical,
  `c` = complex: the irrep and its complex-conjugate partner are complex and inequivalent,
  `q` = quaternion: the irrep and its complex-conjugate partner are complex and equivalent.

Note 2: The conjugacy classes are sorted according to the following order:
  E -> C_n (n descending) -> C2 -> i -> S_n (n decending) -> σ
  Within each order and power, elements with axes close to Cartesian axes are put first.
  Within each equi-inclination from Cartesian axes, z-inclined axes are put first, then y, then x.

Note 3: The Mulliken labels generated for the irreps in the table above are internally consistent.
  However, certain labels might differ from those tabulated elsewhere using other conventions.
  If need be, please check with other literature to ensure external consistency.

Conjugacy class transversal
═══════════════════════════

┈┈┈┈┈┈┈┈┈┈┈┈┈┈┈┈┈┈┈┈┈┈┈┈┈┈┈┈┈┈┈┈┈┈┈
 Class  Representative
┈┈┈┈┈┈┈┈┈┈┈┈┈┈┈┈┈┈┈┈┈┈┈┈┈┈┈┈┈┈┈┈┈┈┈
 |E|    E
 2|C3|  C3(+0.000, +0.000, +1.000)
 3|C2|  C2(+1.000, +0.000, +0.000)
 2|S3|  S3(+0.000, +0.000, +1.000)
 |σh|   σh(+0.000, +0.000, +1.000)
 3|σv|  σv(+0.000, +1.000, +0.000)
┈┈┈┈┈┈┈┈┈┈┈┈┈┈┈┈┈┈┈┈┈┈┈┈┈┈┈┈┈┈┈┈┈┈┈

Space-fixed spatial angular function symmetries in D3h
══════════════════════════════════════════════════════

┈┈┈┈┈┈┈┈┈┈┈┈┈┈┈┈┈┈┈┈┈┈┈┈┈┈┈┈┈┈┈┈┈┈┈┈┈┈┈┈┈┈┈┈┈┈┈┈┈┈┈┈┈┈┈┈┈┈┈┈┈┈┈┈┈┈┈┈┈┈┈
 l  Pure  Pure sym.      Cart  Cart sym.              Rot  Rot sym.
┈┈┈┈┈┈┈┈┈┈┈┈┈┈┈┈┈┈┈┈┈┈┈┈┈┈┈┈┈┈┈┈┈┈┈┈┈┈┈┈┈┈┈┈┈┈┈┈┈┈┈┈┈┈┈┈┈┈┈┈┈┈┈┈┈┈┈┈┈┈┈
 0    +0  |A|^(')_(1)       1  |A|^(')_(1)

 1    -1  |E|^(')           x  |E|^(')                 Rx  |E|^('')
      +0  |A|^('')_(2)      y  |E|^(')                 Ry  |E|^('')
      +1  |E|^(')           z  |A|^('')_(2)            Rz  |A|^(')_(2)

 2    -2  |E|^(')          xx  |A|^(')_(1) ⊕ |E|^(')
      -1  |E|^('')         xy  |E|^(')
      +0  |A|^(')_(1)      xz  |E|^('')
      +1  |E|^('')         yy  |A|^(')_(1) ⊕ |E|^(')
      +2  |E|^(')          yz  |E|^('')
                           zz  |A|^(')_(1)
┈┈┈┈┈┈┈┈┈┈┈┈┈┈┈┈┈┈┈┈┈┈┈┈┈┈┈┈┈┈┈┈┈┈┈┈┈┈┈┈┈┈┈┈┈┈┈┈┈┈┈┈┈┈┈┈┈┈┈┈┈┈┈┈┈┈┈┈┈┈┈

Basis angular order (explicit component 0)
══════════════════════════════════════════

The basis angular order information dictates how basis functions in each basis shell are transformed.
It is important to check that this is consistent with the basis set being used, otherwise incorrect
symmetry results will be obtained.
┈┈┈┈┈┈┈┈┈┈┈┈┈┈┈┈┈┈┈┈┈┈┈┈┈┈┈┈┈┈
 #  Atom  Shell  Order
┈┈┈┈┈┈┈┈┈┈┈┈┈┈┈┈┈┈┈┈┈┈┈┈┈┈┈┈┈┈
 0  H     S      Cart (g) (1)
 1  H     S      Cart (g) (1)
 2  H     S      Cart (g) (1)
┈┈┈┈┈┈┈┈┈┈┈┈┈┈┈┈┈┈┈┈┈┈┈┈┈┈┈┈┈┈

‹‹‹‹‹ [Begin] Multi-determinantal wavefunction 0 ‹‹‹‹‹‹‹‹‹‹‹‹‹‹‹‹‹‹‹‹‹‹‹‹‹‹‹‹‹‹‹‹‹‹‹‹‹‹‹‹‹‹‹‹‹‹‹‹‹‹‹‹‹‹

Overlap eigenvalues
═══════════════════

Eigenvalues are sorted in decreasing order of their moduli.
┈┈┈┈┈┈┈┈┈┈┈┈┈┈┈┈
  #  Eigenvalue
┈┈┈┈┈┈┈┈┈┈┈┈┈┈┈┈
  0  +6.000e0
  1  +6.000e0
---------------- <-- linear independence threshold (modulus-based): +1.000e-6
  2  -1.132e-15
  3  +1.126e-15
  4  +8.233e-16
  5  +4.420e-16
  6  -3.120e-16
  7  +2.392e-16
  8  +7.406e-17
  9  -7.338e-17
 10  -1.184e-17
 11  +3.457e-18
┈┈┈┈┈┈┈┈┈┈┈┈┈┈┈┈

Multi-determinantal wavefunction orbit characters
═════════════════════════════════════════════════

┈┈┈┈┈┈┈┈┈┈┈┈┈┈┈┈┈┈┈
 Class  Character
┈┈┈┈┈┈┈┈┈┈┈┈┈┈┈┈┈┈┈
 |E|    +2.0000000
 2|C3|  -1.0000000
 3|C2|  +0.0000000
 2|S3|  -1.0000000
 |σh|   +2.0000000
 3|σv|  +0.0000000
┈┈┈┈┈┈┈┈┈┈┈┈┈┈┈┈┈┈┈

Multi-determinantal wavefunction projection decompositions
══════════════════════════════════════════════════════════

  Projections are defined w.r.t. the following inner product:
    ⟨Ψ_1|Ψ_2⟩ = ∫ [Ψ_1(x^Ne)]* Ψ_2(x^Ne) dx^Ne

┈┈┈┈┈┈┈┈┈┈┈┈┈┈┈┈┈┈┈┈┈┈┈┈┈┈┈┈┈┈┈┈┈┈┈┈┈
 Component     Projection
┈┈┈┈┈┈┈┈┈┈┈┈┈┈┈┈┈┈┈┈┈┈┈┈┈┈┈┈┈┈┈┈┈┈┈┈┈
 |A|^(')_(1)   +0.0000000+0.0000000i
 |A|^(')_(2)   +0.0000000+0.0000000i
 |E|^(')       +1.0000000-0.0000000i
 |A|^('')_(1)  +0.0000000+0.0000000i
 |A|^('')_(2)  +0.0000000+0.0000000i
 |E|^('')      +0.0000000-0.0000000i
┈┈┈┈┈┈┈┈┈┈┈┈┈┈┈┈┈┈┈┈┈┈┈┈┈┈┈┈┈┈┈┈┈┈┈┈┈

››››› [ End ] Multi-determinantal wavefunction 0 ››››››››››››››››››››››››››››››››››››››››››››››››››››››

‹‹‹‹‹ [Begin] Multi-determinantal wavefunction 1 ‹‹‹‹‹‹‹‹‹‹‹‹‹‹‹‹‹‹‹‹‹‹‹‹‹‹‹‹‹‹‹‹‹‹‹‹‹‹‹‹‹‹‹‹‹‹‹‹‹‹‹‹‹‹

Overlap eigenvalues
═══════════════════

Eigenvalues are sorted in decreasing order of their moduli.
┈┈┈┈┈┈┈┈┈┈┈┈┈┈┈┈
  #  Eigenvalue
┈┈┈┈┈┈┈┈┈┈┈┈┈┈┈┈
  0  +6.000e0
  1  +6.000e0
---------------- <-- linear independence threshold (modulus-based): +1.000e-6
  2  +1.205e-15
  3  -9.582e-16
  4  +6.249e-16
  5  -4.877e-16
  6  +2.884e-16
  7  +2.435e-16
  8  -1.554e-16
  9  -9.528e-17
 10  +6.451e-17
 11  -6.360e-17
┈┈┈┈┈┈┈┈┈┈┈┈┈┈┈┈

Multi-determinantal wavefunction orbit characters
═════════════════════════════════════════════════

┈┈┈┈┈┈┈┈┈┈┈┈┈┈┈┈┈┈┈
 Class  Character
┈┈┈┈┈┈┈┈┈┈┈┈┈┈┈┈┈┈┈
 |E|    +2.0000000
 2|C3|  -1.0000000
 3|C2|  -0.0000000
 2|S3|  -1.0000000
 |σh|   +2.0000000
 3|σv|  -0.0000000
┈┈┈┈┈┈┈┈┈┈┈┈┈┈┈┈┈┈┈

Multi-determinantal wavefunction projection decompositions
══════════════════════════════════════════════════════════

  Projections are defined w.r.t. the following inner product:
    ⟨Ψ_1|Ψ_2⟩ = ∫ [Ψ_1(x^Ne)]* Ψ_2(x^Ne) dx^Ne

┈┈┈┈┈┈┈┈┈┈┈┈┈┈┈┈┈┈┈┈┈┈┈┈┈┈┈┈┈┈┈┈┈┈┈┈┈
 Component     Projection
┈┈┈┈┈┈┈┈┈┈┈┈┈┈┈┈┈┈┈┈┈┈┈┈┈┈┈┈┈┈┈┈┈┈┈┈┈
 |A|^(')_(1)   +0.0000000+0.0000000i
 |A|^(')_(2)   +0.0000000+0.0000000i
 |E|^(')       +1.0000000-0.0000000i
 |A|^('')_(1)  +0.0000000+0.0000000i
 |A|^('')_(2)  +0.0000000+0.0000000i
 |E|^('')      +0.0000000-0.0000000i
┈┈┈┈┈┈┈┈┈┈┈┈┈┈┈┈┈┈┈┈┈┈┈┈┈┈┈┈┈┈┈┈┈┈┈┈┈

››››› [ End ] Multi-determinantal wavefunction 1 ››››››››››››››››››››››››››››››››››››››››››››››››››››››

‹‹‹‹‹ [Begin] Multi-determinantal wavefunction 2 ‹‹‹‹‹‹‹‹‹‹‹‹‹‹‹‹‹‹‹‹‹‹‹‹‹‹‹‹‹‹‹‹‹‹‹‹‹‹‹‹‹‹‹‹‹‹‹‹‹‹‹‹‹‹

Overlap eigenvalues
═══════════════════

Eigenvalues are sorted in decreasing order of their moduli.
┈┈┈┈┈┈┈┈┈┈┈┈┈┈┈┈
  #  Eigenvalue
┈┈┈┈┈┈┈┈┈┈┈┈┈┈┈┈
  0  +1.200e1
---------------- <-- linear independence threshold (modulus-based): +1.000e-6
  1  -3.957e-15
  2  +7.765e-16
  3  -4.980e-16
  4  -3.094e-16
  5  +1.916e-16
  6  +3.844e-17
  7  -1.943e-17
  8  +2.727e-18
  9  -2.794e-32
 10  +4.880e-33
 11  -7.309e-65
┈┈┈┈┈┈┈┈┈┈┈┈┈┈┈┈

Multi-determinantal wavefunction orbit characters
═════════════════════════════════════════════════

┈┈┈┈┈┈┈┈┈┈┈┈┈┈┈┈┈┈┈
 Class  Character
┈┈┈┈┈┈┈┈┈┈┈┈┈┈┈┈┈┈┈
 |E|    +1.0000000
 2|C3|  +1.0000000
 3|C2|  -1.0000000
 2|S3|  +1.0000000
 |σh|   +1.0000000
 3|σv|  -1.0000000
┈┈┈┈┈┈┈┈┈┈┈┈┈┈┈┈┈┈┈

Multi-determinantal wavefunction projection decompositions
══════════════════════════════════════════════════════════

  Projections are defined w.r.t. the following inner product:
    ⟨Ψ_1|Ψ_2⟩ = ∫ [Ψ_1(x^Ne)]* Ψ_2(x^Ne) dx^Ne

┈┈┈┈┈┈┈┈┈┈┈┈┈┈┈┈┈┈┈┈┈┈┈┈┈┈┈┈┈┈┈┈┈┈┈┈┈
 Component     Projection
┈┈┈┈┈┈┈┈┈┈┈┈┈┈┈┈┈┈┈┈┈┈┈┈┈┈┈┈┈┈┈┈┈┈┈┈┈
 |A|^(')_(1)   -0.0000000+0.0000000i
 |A|^(')_(2)   +1.0000000-0.0000000i
 |E|^(')       -0.0000000+0.0000000i
 |A|^('')_(1)  +0.0000000-0.0000000i
 |A|^('')_(2)  +0.0000000-0.0000000i
 |E|^('')      +0.0000000+0.0000000i
┈┈┈┈┈┈┈┈┈┈┈┈┈┈┈┈┈┈┈┈┈┈┈┈┈┈┈┈┈┈┈┈┈┈┈┈┈

››››› [ End ] Multi-determinantal wavefunction 2 ››››››››››››››››››››››››››››››››››››››››››››››››››››››

‹‹‹‹‹ [Begin] Multi-determinantal wavefunction 3 ‹‹‹‹‹‹‹‹‹‹‹‹‹‹‹‹‹‹‹‹‹‹‹‹‹‹‹‹‹‹‹‹‹‹‹‹‹‹‹‹‹‹‹‹‹‹‹‹‹‹‹‹‹‹

Overlap eigenvalues
═══════════════════

Eigenvalues are sorted in decreasing order of their moduli.
┈┈┈┈┈┈┈┈┈┈┈┈┈┈┈┈
  #  Eigenvalue
┈┈┈┈┈┈┈┈┈┈┈┈┈┈┈┈
  0  +6.000e0
  1  +6.000e0
---------------- <-- linear independence threshold (modulus-based): +1.000e-6
  2  -1.980e-15
  3  +1.557e-15
  4  +6.013e-16
  5  -5.948e-16
  6  +3.893e-16
  7  -3.325e-16
  8  +2.400e-16
  9  -1.166e-16
 10  -7.067e-17
 11  +5.548e-17
┈┈┈┈┈┈┈┈┈┈┈┈┈┈┈┈

Multi-determinantal wavefunction orbit characters
═════════════════════════════════════════════════

┈┈┈┈┈┈┈┈┈┈┈┈┈┈┈┈┈┈┈
 Class  Character
┈┈┈┈┈┈┈┈┈┈┈┈┈┈┈┈┈┈┈
 |E|    +2.0000000
 2|C3|  -1.0000000
 3|C2|  +0.0000000
 2|S3|  -1.0000000
 |σh|   +2.0000000
 3|σv|  +0.0000000
┈┈┈┈┈┈┈┈┈┈┈┈┈┈┈┈┈┈┈

Multi-determinantal wavefunction projection decompositions
══════════════════════════════════════════════════════════

  Projections are defined w.r.t. the following inner product:
    ⟨Ψ_1|Ψ_2⟩ = ∫ [Ψ_1(x^Ne)]* Ψ_2(x^Ne) dx^Ne

┈┈┈┈┈┈┈┈┈┈┈┈┈┈┈┈┈┈┈┈┈┈┈┈┈┈┈┈┈┈┈┈┈┈┈┈┈
 Component     Projection
┈┈┈┈┈┈┈┈┈┈┈┈┈┈┈┈┈┈┈┈┈┈┈┈┈┈┈┈┈┈┈┈┈┈┈┈┈
 |A|^(')_(1)   +0.0000000+0.0000000i
 |A|^(')_(2)   +0.0000000+0.0000000i
 |E|^(')       +1.0000000-0.0000000i
 |A|^('')_(1)  +0.0000000+0.0000000i
 |A|^('')_(2)  +0.0000000+0.0000000i
 |E|^('')      +0.0000000-0.0000000i
┈┈┈┈┈┈┈┈┈┈┈┈┈┈┈┈┈┈┈┈┈┈┈┈┈┈┈┈┈┈┈┈┈┈┈┈┈

››››› [ End ] Multi-determinantal wavefunction 3 ››››››››››››››››››››››››››››››››››››››››››››››››››››››

‹‹‹‹‹ [Begin] Multi-determinantal wavefunction 4 ‹‹‹‹‹‹‹‹‹‹‹‹‹‹‹‹‹‹‹‹‹‹‹‹‹‹‹‹‹‹‹‹‹‹‹‹‹‹‹‹‹‹‹‹‹‹‹‹‹‹‹‹‹‹

Overlap eigenvalues
═══════════════════

Eigenvalues are sorted in decreasing order of their moduli.
┈┈┈┈┈┈┈┈┈┈┈┈┈┈┈┈
  #  Eigenvalue
┈┈┈┈┈┈┈┈┈┈┈┈┈┈┈┈
  0  +6.000e0
  1  +6.000e0
---------------- <-- linear independence threshold (modulus-based): +1.000e-6
  2  -2.475e-15
  3  -8.150e-16
  4  +7.153e-16
  5  +3.487e-16
  6  -2.944e-16
  7  +2.578e-16
  8  -1.086e-16
  9  -7.076e-17
 10  +6.607e-17
 11  +3.035e-18
┈┈┈┈┈┈┈┈┈┈┈┈┈┈┈┈

Multi-determinantal wavefunction orbit characters
═════════════════════════════════════════════════

┈┈┈┈┈┈┈┈┈┈┈┈┈┈┈┈┈┈┈
 Class  Character
┈┈┈┈┈┈┈┈┈┈┈┈┈┈┈┈┈┈┈
 |E|    +2.0000000
 2|C3|  -1.0000000
 3|C2|  +0.0000000
 2|S3|  -1.0000000
 |σh|   +2.0000000
 3|σv|  +0.0000000
┈┈┈┈┈┈┈┈┈┈┈┈┈┈┈┈┈┈┈

Multi-determinantal wavefunction projection decompositions
══════════════════════════════════════════════════════════

  Projections are defined w.r.t. the following inner product:
    ⟨Ψ_1|Ψ_2⟩ = ∫ [Ψ_1(x^Ne)]* Ψ_2(x^Ne) dx^Ne

┈┈┈┈┈┈┈┈┈┈┈┈┈┈┈┈┈┈┈┈┈┈┈┈┈┈┈┈┈┈┈┈┈┈┈┈┈
 Component     Projection
┈┈┈┈┈┈┈┈┈┈┈┈┈┈┈┈┈┈┈┈┈┈┈┈┈┈┈┈┈┈┈┈┈┈┈┈┈
 |A|^(')_(1)   +0.0000000+0.0000000i
 |A|^(')_(2)   +0.0000000+0.0000000i
 |E|^(')       +1.0000000-0.0000000i
 |A|^('')_(1)  +0.0000000+0.0000000i
 |A|^('')_(2)  +0.0000000+0.0000000i
 |E|^('')      +0.0000000-0.0000000i
┈┈┈┈┈┈┈┈┈┈┈┈┈┈┈┈┈┈┈┈┈┈┈┈┈┈┈┈┈┈┈┈┈┈┈┈┈

››››› [ End ] Multi-determinantal wavefunction 4 ››››››››››››››››››››››››››››››››››››››››››››››››››››››

‹‹‹‹‹ [Begin] Multi-determinantal wavefunction 5 ‹‹‹‹‹‹‹‹‹‹‹‹‹‹‹‹‹‹‹‹‹‹‹‹‹‹‹‹‹‹‹‹‹‹‹‹‹‹‹‹‹‹‹‹‹‹‹‹‹‹‹‹‹‹

Overlap eigenvalues
═══════════════════

Eigenvalues are sorted in decreasing order of their moduli.
┈┈┈┈┈┈┈┈┈┈┈┈┈┈┈┈
  #  Eigenvalue
┈┈┈┈┈┈┈┈┈┈┈┈┈┈┈┈
  0  +1.200e1
---------------- <-- linear independence threshold (modulus-based): +1.000e-6
  1  -3.839e-15
  2  -2.326e-15
  3  -9.389e-16
  4  -5.870e-16
  5  -4.904e-16
  6  +3.311e-16
  7  +7.921e-17
  8  -1.946e-31
  9  +1.509e-31
 10  +2.367e-32
 11  +1.542e-32
┈┈┈┈┈┈┈┈┈┈┈┈┈┈┈┈

Multi-determinantal wavefunction orbit characters
═════════════════════════════════════════════════

┈┈┈┈┈┈┈┈┈┈┈┈┈┈┈┈┈┈┈
 Class  Character
┈┈┈┈┈┈┈┈┈┈┈┈┈┈┈┈┈┈┈
 |E|    +1.0000000
 2|C3|  +1.0000000
 3|C2|  -1.0000000
 2|S3|  +1.0000000
 |σh|   +1.0000000
 3|σv|  -1.0000000
┈┈┈┈┈┈┈┈┈┈┈┈┈┈┈┈┈┈┈

Multi-determinantal wavefunction projection decompositions
══════════════════════════════════════════════════════════

  Projections are defined w.r.t. the following inner product:
    ⟨Ψ_1|Ψ_2⟩ = ∫ [Ψ_1(x^Ne)]* Ψ_2(x^Ne) dx^Ne

┈┈┈┈┈┈┈┈┈┈┈┈┈┈┈┈┈┈┈┈┈┈┈┈┈┈┈┈┈┈┈┈┈┈┈┈┈
 Component     Projection
┈┈┈┈┈┈┈┈┈┈┈┈┈┈┈┈┈┈┈┈┈┈┈┈┈┈┈┈┈┈┈┈┈┈┈┈┈
 |A|^(')_(1)   +0.0000000+0.0000000i
 |A|^(')_(2)   +1.0000000-0.0000000i
 |E|^(')       -0.0000000+0.0000000i
 |A|^('')_(1)  +0.0000000+0.0000000i
 |A|^('')_(2)  +0.0000000+0.0000000i
 |E|^('')      +0.0000000+0.0000000i
┈┈┈┈┈┈┈┈┈┈┈┈┈┈┈┈┈┈┈┈┈┈┈┈┈┈┈┈┈┈┈┈┈┈┈┈┈

››››› [ End ] Multi-determinantal wavefunction 5 ››››››››››››››››››››››››››››››››››››››››››››››››››››››

‹‹‹‹‹ [Begin] Multi-determinantal wavefunction 6 ‹‹‹‹‹‹‹‹‹‹‹‹‹‹‹‹‹‹‹‹‹‹‹‹‹‹‹‹‹‹‹‹‹‹‹‹‹‹‹‹‹‹‹‹‹‹‹‹‹‹‹‹‹‹

Overlap eigenvalues
═══════════════════

Eigenvalues are sorted in decreasing order of their moduli.
┈┈┈┈┈┈┈┈┈┈┈┈┈┈┈┈
  #  Eigenvalue
┈┈┈┈┈┈┈┈┈┈┈┈┈┈┈┈
  0  +1.200e1
---------------- <-- linear independence threshold (modulus-based): +1.000e-6
  1  -4.109e-15
  2  +3.680e-15
  3  +8.138e-16
  4  -7.861e-16
  5  +6.629e-16
  6  +2.067e-16
  7  -1.308e-16
  8  +1.064e-16
  9  -3.919e-31
 10  +1.603e-31
 11  -9.121e-32
┈┈┈┈┈┈┈┈┈┈┈┈┈┈┈┈

Multi-determinantal wavefunction orbit characters
═════════════════════════════════════════════════

┈┈┈┈┈┈┈┈┈┈┈┈┈┈┈┈┈┈┈
 Class  Character
┈┈┈┈┈┈┈┈┈┈┈┈┈┈┈┈┈┈┈
 |E|    +1.0000000
 2|C3|  +1.0000000
 3|C2|  +1.0000000
 2|S3|  +1.0000000
 |σh|   +1.0000000
 3|σv|  +1.0000000
┈┈┈┈┈┈┈┈┈┈┈┈┈┈┈┈┈┈┈

Multi-determinantal wavefunction projection decompositions
══════════════════════════════════════════════════════════

  Projections are defined w.r.t. the following inner product:
    ⟨Ψ_1|Ψ_2⟩ = ∫ [Ψ_1(x^Ne)]* Ψ_2(x^Ne) dx^Ne

┈┈┈┈┈┈┈┈┈┈┈┈┈┈┈┈┈┈┈┈┈┈┈┈┈┈┈┈┈┈┈┈┈┈┈┈┈
 Component     Projection
┈┈┈┈┈┈┈┈┈┈┈┈┈┈┈┈┈┈┈┈┈┈┈┈┈┈┈┈┈┈┈┈┈┈┈┈┈
 |A|^(')_(1)   +1.0000000+0.0000000i
 |A|^(')_(2)   +0.0000000+0.0000000i
 |E|^(')       +0.0000000+0.0000000i
 |A|^('')_(1)  +0.0000000+0.0000000i
 |A|^('')_(2)  +0.0000000+0.0000000i
 |E|^('')      +0.0000000+0.0000000i
┈┈┈┈┈┈┈┈┈┈┈┈┈┈┈┈┈┈┈┈┈┈┈┈┈┈┈┈┈┈┈┈┈┈┈┈┈

››››› [ End ] Multi-determinantal wavefunction 6 ››››››››››››››››››››››››››››››››››››››››››››››››››››››

‹‹‹‹‹ [Begin] Multi-determinantal wavefunction 7 ‹‹‹‹‹‹‹‹‹‹‹‹‹‹‹‹‹‹‹‹‹‹‹‹‹‹‹‹‹‹‹‹‹‹‹‹‹‹‹‹‹‹‹‹‹‹‹‹‹‹‹‹‹‹

Overlap eigenvalues
═══════════════════

Eigenvalues are sorted in decreasing order of their moduli.
┈┈┈┈┈┈┈┈┈┈┈┈┈┈┈┈
  #  Eigenvalue
┈┈┈┈┈┈┈┈┈┈┈┈┈┈┈┈
  0  +6.000e0
  1  +6.000e0
---------------- <-- linear independence threshold (modulus-based): +1.000e-6
  2  +1.957e-15
  3  -7.784e-16
  4  -5.332e-16
  5  -4.043e-16
  6  +3.527e-16
  7  +2.127e-16
  8  -1.180e-16
  9  +8.143e-17
 10  +2.637e-17
 11  -9.741e-18
┈┈┈┈┈┈┈┈┈┈┈┈┈┈┈┈

Multi-determinantal wavefunction orbit characters
═════════════════════════════════════════════════

┈┈┈┈┈┈┈┈┈┈┈┈┈┈┈┈┈┈┈
 Class  Character
┈┈┈┈┈┈┈┈┈┈┈┈┈┈┈┈┈┈┈
 |E|    +2.0000000
 2|C3|  -1.0000000
 3|C2|  -0.0000000
 2|S3|  -1.0000000
 |σh|   +2.0000000
 3|σv|  -0.0000000
┈┈┈┈┈┈┈┈┈┈┈┈┈┈┈┈┈┈┈

Multi-determinantal wavefunction projection decompositions
══════════════════════════════════════════════════════════

  Projections are defined w.r.t. the following inner product:
    ⟨Ψ_1|Ψ_2⟩ = ∫ [Ψ_1(x^Ne)]* Ψ_2(x^Ne) dx^Ne

┈┈┈┈┈┈┈┈┈┈┈┈┈┈┈┈┈┈┈┈┈┈┈┈┈┈┈┈┈┈┈┈┈┈┈┈┈
 Component     Projection
┈┈┈┈┈┈┈┈┈┈┈┈┈┈┈┈┈┈┈┈┈┈┈┈┈┈┈┈┈┈┈┈┈┈┈┈┈
 |A|^(')_(1)   -0.0000000+0.0000000i
 |A|^(')_(2)   +0.0000000-0.0000000i
 |E|^(')       +1.0000000-0.0000000i
 |A|^('')_(1)  +0.0000000-0.0000000i
 |A|^('')_(2)  +0.0000000-0.0000000i
 |E|^('')      +0.0000000-0.0000000i
┈┈┈┈┈┈┈┈┈┈┈┈┈┈┈┈┈┈┈┈┈┈┈┈┈┈┈┈┈┈┈┈┈┈┈┈┈

››››› [ End ] Multi-determinantal wavefunction 7 ››››››››››››››››››››››››››››››››››››››››››››››››››››››

‹‹‹‹‹ [Begin] Multi-determinantal wavefunction 8 ‹‹‹‹‹‹‹‹‹‹‹‹‹‹‹‹‹‹‹‹‹‹‹‹‹‹‹‹‹‹‹‹‹‹‹‹‹‹‹‹‹‹‹‹‹‹‹‹‹‹‹‹‹‹

Overlap eigenvalues
═══════════════════

Eigenvalues are sorted in decreasing order of their moduli.
┈┈┈┈┈┈┈┈┈┈┈┈┈┈┈┈
  #  Eigenvalue
┈┈┈┈┈┈┈┈┈┈┈┈┈┈┈┈
  0  +6.000e0
  1  +6.000e0
---------------- <-- linear independence threshold (modulus-based): +1.000e-6
  2  +1.920e-15
  3  -1.727e-15
  4  +1.453e-15
  5  +6.031e-16
  6  +3.515e-16
  7  -3.466e-16
  8  +2.302e-16
  9  -1.972e-16
 10  +8.696e-17
 11  +1.333e-17
┈┈┈┈┈┈┈┈┈┈┈┈┈┈┈┈

Multi-determinantal wavefunction orbit characters
═════════════════════════════════════════════════

┈┈┈┈┈┈┈┈┈┈┈┈┈┈┈┈┈┈┈
 Class  Character
┈┈┈┈┈┈┈┈┈┈┈┈┈┈┈┈┈┈┈
 |E|    +2.0000000
 2|C3|  -1.0000000
 3|C2|  +0.0000000
 2|S3|  -1.0000000
 |σh|   +2.0000000
 3|σv|  +0.0000000
┈┈┈┈┈┈┈┈┈┈┈┈┈┈┈┈┈┈┈

Multi-determinantal wavefunction projection decompositions
══════════════════════════════════════════════════════════

  Projections are defined w.r.t. the following inner product:
    ⟨Ψ_1|Ψ_2⟩ = ∫ [Ψ_1(x^Ne)]* Ψ_2(x^Ne) dx^Ne

┈┈┈┈┈┈┈┈┈┈┈┈┈┈┈┈┈┈┈┈┈┈┈┈┈┈┈┈┈┈┈┈┈┈┈┈┈
 Component     Projection
┈┈┈┈┈┈┈┈┈┈┈┈┈┈┈┈┈┈┈┈┈┈┈┈┈┈┈┈┈┈┈┈┈┈┈┈┈
 |A|^(')_(1)   +0.0000000+0.0000000i
 |A|^(')_(2)   +0.0000000-0.0000000i
 |E|^(')       +1.0000000-0.0000000i
 |A|^('')_(1)  +0.0000000+0.0000000i
 |A|^('')_(2)  +0.0000000+0.0000000i
 |E|^('')      +0.0000000-0.0000000i
┈┈┈┈┈┈┈┈┈┈┈┈┈┈┈┈┈┈┈┈┈┈┈┈┈┈┈┈┈┈┈┈┈┈┈┈┈

››››› [ End ] Multi-determinantal wavefunction 8 ››››››››››››››››››››››››››››››››››››››››››››››››››››››

Orbit-based symmetry analysis results
═════════════════════════════════════

> Group: D3h (ordinary group)

> Multi-determinantal results
  Structure constraint: unrestricted (2 spin spaces, decreasing m)
┈┈┈┈┈┈┈┈┈┈┈┈┈┈┈┈┈┈┈┈┈┈┈┈┈┈┈┈┈┈┈┈┈┈┈┈┈┈┈┈┈┈┈┈┈┈┈┈
 #  Energy  Symmetry     Eig. above  Eig. below
┈┈┈┈┈┈┈┈┈┈┈┈┈┈┈┈┈┈┈┈┈┈┈┈┈┈┈┈┈┈┈┈┈┈┈┈┈┈┈┈┈┈┈┈┈┈┈┈
 0  --      |E|^(')      +6.000e0    -1.132e-15
 1  --      |E|^(')      +6.000e0    +1.205e-15
 2  --      |A|^(')_(2)  +1.200e1    -3.957e-15
 3  --      |E|^(')      +6.000e0    -1.980e-15
 4  --      |E|^(')      +6.000e0    -2.475e-15
 5  --      |A|^(')_(2)  +1.200e1    -3.839e-15
 6  --      |A|^(')_(1)  +1.200e1    -4.109e-15
 7  --      |E|^(')      +6.000e0    +1.957e-15
 8  --      |E|^(')      +6.000e0    +1.920e-15
┈┈┈┈┈┈┈┈┈┈┈┈┈┈┈┈┈┈┈┈┈┈┈┈┈┈┈┈┈┈┈┈┈┈┈┈┈┈┈┈┈┈┈┈┈┈┈┈

